// Jest Snapshot v1, https://goo.gl/fbAQLP

exports[`renders a button - test by snapshot 1`] = `
<button
  className=" button btn-primary"
  disabled={false}
  onClick={[Function]}
>
  New Button
</button>
`;
